12 11
inheritanceapp.Main::main([Ljava/lang/String;)V inheritanceapp.Car::Car(Ljava/lang/String;)V 1
inheritanceapp.Main::main([Ljava/lang/String;)V inheritanceapp.Truck::Truck(Ljava/lang/String;)V 1
inheritanceapp.Truck::Truck(Ljava/lang/String;)V inheritanceapp.Truck::Truck(Ljava/lang/String;D)V 1
inheritanceapp.Main::main([Ljava/lang/String;)V inheritanceapp.Plane::Plane(Ljava/lang/String;)V 1
inheritanceapp.Main::main([Ljava/lang/String;)V inheritanceapp.Car::start()V 1
inheritanceapp.Main::main([Ljava/lang/String;)V inheritanceapp.Truck::start()V 1
inheritanceapp.Main::main([Ljava/lang/String;)V inheritanceapp.Plane::start()V 1
inheritanceapp.Main::main([Ljava/lang/String;)V inheritanceapp.Main::logVehicle(Linheritanceapp/Vehicle;)V 3
inheritanceapp.Main::logVehicle(Linheritanceapp/Vehicle;)V inheritanceapp.Car::getManufacturer()Ljava/lang/String; 1
inheritanceapp.Main::logVehicle(Linheritanceapp/Vehicle;)V inheritanceapp.Truck::getManufacturer()Ljava/lang/String; 1
inheritanceapp.Main::logVehicle(Linheritanceapp/Vehicle;)V inheritanceapp.Aircraft::getWingspan()D 1
