6 4
multithreadapp.Main::task1()V multithreadapp.Helper::Helper()V 1
multithreadapp.Main::task1()V multithreadapp.Helper::doSomething()V 1010
multithreadapp.Main::task2()V multithreadapp.Utility::Utility()V 1
multithreadapp.Main::task2()V multithreadapp.Utility::logMessage(Ljava/lang/String;)V 1000
